// Jest Snapshot v1, https://goo.gl/fbAQLP

exports[`<Render /> Should NOT render children 1`] = `
<div>
  HeaderComponent
</div>
`;

exports[`<Render /> Should render children 1`] = `
<div>
  HeaderComponent
</div>
`;
